[www.crypto-games.net/roulette/bitcoin.html]
[backblue.gif]
[fade.gif]
[index.html]
[www.crypto-games.net/scripts/jquery-ui-1.11.4/jquery-ui.min.css]
[www.crypto-games.net/images/favicon.png]
[www.crypto-games.net/chat.css]
[ajax.cloudflare.com/cdn-cgi/nexp/dok3v=0489c402f5/cloudflare.min.js]
[www.crypto-games.net/styles/7/bootstrap.css]
[www.crypto-games.net/styles/games.css]
[www.crypto-games.net/scripts/fancybox/jquery.fancybox.css]
[cdnjs.cloudflare.com/ajax/libs/font-awesome/4.6.3/css/font-awesome.css]
[www.crypto-games.net/scripts/jquery-2.1.0.min.js]
[www.crypto-games.net/scripts/jquery-ui-1.11.4/jquery-ui.min.js]
[www.crypto-games.net/scripts/bootstrap/js/bootstrap.min.js]
[www.crypto-games.net/scripts/fancybox/jquery.fancybox.js]
[www.crypto-games.net/scripts/games.js]
[www.crypto-games.net/roulette/game.js]
[www.crypto-games.net/images/logos/Logo_BTC.png]
[www.crypto-games.net/images/dice_white.png]
[www.crypto-games.net/images/BTC.png]
[www.crypto-games.net/images/DASH.png]
[www.crypto-games.net/images/DOGE.png]
[www.crypto-games.net/images/ETH.png]
[www.crypto-games.net/images/GRC.png]
[www.crypto-games.net/images/LTC.png]
[www.crypto-games.net/images/PLAY.png]
[www.crypto-games.net/images/PPC.png]
[www.crypto-games.net/images/slot_white.png]
[www.crypto-games.net/images/blackjack_white.png]
[www.crypto-games.net/images/roulette_white.png]
[www.crypto-games.net/roulette/dash.html]
[www.crypto-games.net/roulette/dogecoin.html]
[www.crypto-games.net/roulette/ethereum.html]
[www.crypto-games.net/roulette/gridcoin.html]
[www.crypto-games.net/roulette/litecoin.html]
[www.crypto-games.net/roulette/playmoney.html]
[www.crypto-games.net/roulette/peercoin.html]
[www.crypto-games.net/images/lotto_white.png]
[www.crypto-games.net/images/cryptogames.png]
[www.crypto-games.net/images/social/facebook.png]
[www.crypto-games.net/images/social/twitter.png]
[www.crypto-games.net/images/social/googleplus.png]
[www.crypto-games.net/images/social/youtube.png]
[www.crypto-games.net/images/social/linkedin.png]
[www.crypto-games.net/images/social/bitcointalk.png]
[www.crypto-games.net/roulette/bitcoin.html]
[www.crypto-games.net/scripts/jquery-ui-1.11.4/images/ui-bg_highlight-soft_100_eeeeee_1x100.png]
[www.crypto-games.net/scripts/jquery-ui-1.11.4/images/ui-bg_gloss-wave_35_f6a828_500x100.png]
[www.crypto-games.net/scripts/jquery-ui-1.11.4/images/ui-bg_glass_100_f6f6f6_1x400.png]
[www.crypto-games.net/scripts/jquery-ui-1.11.4/images/ui-bg_glass_100_fdf5ce_1x400.png]
[www.crypto-games.net/scripts/jquery-ui-1.11.4/images/ui-bg_glass_65_ffffff_1x400.png]
[www.crypto-games.net/scripts/jquery-ui-1.11.4/images/ui-bg_highlight-soft_75_ffe45c_1x100.png]
[www.crypto-games.net/scripts/jquery-ui-1.11.4/images/ui-bg_diagonals-thick_18_b81900_40x40.png]
[www.crypto-games.net/scripts/jquery-ui-1.11.4/images/ui-icons_222222_256x240.png]
[www.crypto-games.net/scripts/jquery-ui-1.11.4/images/ui-icons_ffffff_256x240.png]
[www.crypto-games.net/scripts/jquery-ui-1.11.4/images/ui-icons_ef8c08_256x240.png]
[www.crypto-games.net/scripts/jquery-ui-1.11.4/images/ui-icons_228ef1_256x240.png]
[www.crypto-games.net/scripts/jquery-ui-1.11.4/images/ui-icons_ffd27a_256x240.png]
[www.crypto-games.net/scripts/jquery-ui-1.11.4/images/ui-bg_diagonals-thick_20_666666_40x40.png]
[www.crypto-games.net/scripts/jquery-ui-1.11.4/images/ui-bg_flat_10_000000_40x100.png]
[www.crypto-games.net/scripts/jquery-ui-1.11.4/jquery-ui.min.css]
[www.crypto-games.net/chat.css]
[www.crypto-games.net/styles/7/bootstrap.css]
[www.crypto-games.net/styles/games.css]
[www.crypto-games.net/scripts/fancybox/fancybox_sprite.png]
[www.crypto-games.net/scripts/fancybox/fancybox_loading.gif]
[www.crypto-games.net/scripts/fancybox/blank.gif]
[www.crypto-games.net/scripts/fancybox/fancybox_overlay.png]
[www.crypto-games.net/scripts/fancybox/fancybox_sprite@2x.png]
[www.crypto-games.net/scripts/fancybox/fancybox_loading@2x.gif]
[www.crypto-games.net/scripts/fancybox/jquery.fancybox.css]
[cdnjs.cloudflare.com/ajax/libs/font-awesome/4.6.3/css/font-awesome.css]
[www.crypto-games.net/images/logos/Logo_DASH.png]
[www.crypto-games.net/roulette/dash.html]
[www.crypto-games.net/images/logos/Logo_DOGE.png]
[www.crypto-games.net/roulette/dogecoin.html]
[www.crypto-games.net/images/logos/Logo_ETH.png]
[www.crypto-games.net/roulette/ethereum.html]
[www.crypto-games.net/images/logos/Logo_GRC.png]
[www.crypto-games.net/roulette/gridcoin.html]
[www.crypto-games.net/images/logos/Logo_LTC.png]
[www.crypto-games.net/roulette/litecoin.html]
[www.crypto-games.net/images/logos/Logo_PLAY.png]
[www.crypto-games.net/roulette/playmoney.html]
[www.crypto-games.net/images/logos/Logo_PPC.png]
[www.crypto-games.net/roulette/peercoin.html]
